// Jest Snapshot v1, https://goo.gl/fbAQLP

exports[`DeleteModal Tests Renders correctly 1`] = `<DocumentFragment />`;
